// Jest Snapshot v1, https://goo.gl/fbAQLP

exports[`info-verbosity 1`] = `
" 1 asset
Entrypoint [1mmain[39m[22m = [1m[32mmain.js[39m[22m
[0] [1m./index.js[39m[22m 134 bytes {[1m[33m0[39m[22m}[1m[32m [built][39m[22m[1m[31m [failed][39m[22m[1m[31m [1 error][39m[22m

[1m[33mWARNING in configuration
The 'mode' option has not been set, webpack will fallback to 'production' for this value. Set 'mode' option to 'development' or 'production' to enable defaults for each environment.
You can also set it to 'none' to disable any default behavior. Learn more: https://webpack.js.org/concepts/mode/[39m[22m

[1m[31mERROR in ./index.js 1:0
Module parse failed: Unexpected token (1:0)
You may need an appropriate loader to handle this file type.
> }
| [39m[22m
"
`;
