// Jest Snapshot v1, https://goo.gl/fbAQLP

exports[`performance transforms correctly using "performance-0" data 1`] = `
"module.exports = {
    entry: 'index.js',

    output: {
		filename: 'bundle.js'
	},

    performance: {
        hints: 'warning',
        maxEntrypointSize: 400000,
        maxAssetSize: 100000,
        assetFilter: function(assetFilename) {return assetFilename.endsWith('.js');}
    }
}
"
`;

exports[`performance transforms correctly using "performance-1" data 1`] = `
"module.exports = {
	performance: {
		hints: 'nuclear-warning',
		maxEntrypointSize: 400000,
		maxAssetSize: 6969,
		assetFilter:
			un(assetFilename) {return assetFilename.endsWith('.js');}
	}
}
"
`;
