// Jest Snapshot v1, https://goo.gl/fbAQLP

exports[`CLI API custom help output should display help information 1`] = `
Array [
  Array [
    "[1mUsage[22m: webpack --color [value]",
  ],
  Array [
    "[1mDescription:[22m any color",
  ],
  Array [
    "[1mDefault value:[22m \\"blue\\"",
  ],
  Array [
    "",
  ],
  Array [
    "To see list of all supported commands and options run 'webpack --help=verbose'.
",
  ],
  Array [
    "[1mWebpack documentation:[22m https://webpack.js.org/.",
  ],
  Array [
    "[1mCLI documentation:[22m https://webpack.js.org/api/cli/.",
  ],
  Array [
    "[1mMade with ♥ by the webpack team[22m.",
  ],
]
`;
