// Jest Snapshot v1, https://goo.gl/fbAQLP

exports[`extractTextPlugin transforms correctly 1`] = `
"const MiniCssExtractPlugin = require('mini-css-extract-plugin');

module.export = {
    module: {
        rules: [
            {
                test: /\\\\.css$/,
                use: (process.env.NODE_ENV === 'production' ? [MiniCssExtractPlugin.loader, 'css-loader'] : ['style-loader', { loader: 'test-object-loader' }, 'css-loader'])
            }
        ]
    },
    plugins: [
        new Foo(),
        new MiniCssExtractPlugin({
            filename: 'foo.css'
        })
    ]
}
"
`;
