// Jest Snapshot v1, https://goo.gl/fbAQLP

exports[`extractTextPlugin transforms correctly 1`] = `
"let ExtractTextPlugin = require('extract-text-webpack-plugin');
let HTMLWebpackPlugin = require('html-webpack-plugin');

module.export = {
    module: {
        rules: [
            {
                test: /\\\\.css$/,
                use: ExtractTextPlugin.extract({
                    fallback: 'style-loader',
                    use: 'css-loader'
                })
            }
        ]
    },
    plugins: [
        new ExtractTextPlugin(\\"styles.css\\"),
    ]
}
"
`;
