// Jest Snapshot v1, https://goo.gl/fbAQLP

exports[`loaderOptionsPlugin transforms correctly using "loaderOptionsPlugin-0" data 1`] = `
"// Do not create LoaderOptionsPlugin is not necessary
module.exports = {
    plugins: [
        new SomePlugin()
    ]
}
"
`;

exports[`loaderOptionsPlugin transforms correctly using "loaderOptionsPlugin-1" data 1`] = `
"module.exports = {
    debug: true,
    plugins: [
        new webpack.optimize.UglifyJsPlugin(),
        new webpack.optimize.LoaderOptionsPlugin({
            foo: 'bar',
            'debug': true,
            'minimize': true
        })
    ]
}
"
`;

exports[`loaderOptionsPlugin transforms correctly using "loaderOptionsPlugin-2" data 1`] = `
"// Don't modify LoaderOptionsPlugin
module.exports = {
    plugins: [
        new SomePlugin(),
        new webpack.optimize.LoaderOptionsPlugin({
            foo: 'bar'
        })
    ]
}
"
`;
