// Jest Snapshot v1, https://goo.gl/fbAQLP

exports[`single-config-watch-opt 1`] = `
"  Asset       Size  Chunks             Chunk Names
null.js  930 bytes       0  [emitted]  null
Entrypoint null = null.js
[0] ./index.js 0 bytes {0} [built]

WARNING in configuration
The 'mode' option has not been set, webpack will fallback to 'production' for this value. Set 'mode' option to 'development' or 'production' to enable defaults for each environment.
You can also set it to 'none' to disable any default behavior. Learn more: https://webpack.js.org/concepts/mode/
"
`;
