// Jest Snapshot v1, https://goo.gl/fbAQLP

exports[`multi-config 1`] = `
"Child
      Asset       Size  Chunks             Chunk Names
    main.js  945 bytes       0  [emitted]  main
    Entrypoint main = main.js
    [0] ./index.js 24 bytes {0} [built]
    
    WARNING in configuration
    The 'mode' option has not been set, webpack will fallback to 'production' for this value. Set 'mode' option to 'development' or 'production' to enable defaults for each environment.
    You can also set it to 'none' to disable any default behavior. Learn more: https://webpack.js.org/concepts/mode/
Child
      Asset       Size  Chunks             Chunk Names
    main.js  945 bytes       0  [emitted]  main
    Entrypoint main = main.js
    [0] ./index2.js 24 bytes {0} [built]
    
    WARNING in configuration
    The 'mode' option has not been set, webpack will fallback to 'production' for this value. Set 'mode' option to 'development' or 'production' to enable defaults for each environment.
    You can also set it to 'none' to disable any default behavior. Learn more: https://webpack.js.org/concepts/mode/
"
`;
