// Jest Snapshot v1, https://goo.gl/fbAQLP

exports[`named-entry 1`] = `
"  [1mAsset[39m[22m       [1mSize[39m[22m  [1mChunks[39m[22m  [1m[39m[22m           [1m[39m[22m[1mChunk Names[39m[22m
 [1m[32mfoo.js[39m[22m  947 bytes       [1m0[39m[22m  [1m[32m[emitted][39m[22m  foo
[1m[32mnull.js[39m[22m  948 bytes       [1m1[39m[22m  [1m[32m[emitted][39m[22m  null
Entrypoint [1mfoo[39m[22m = [1m[32mfoo.js[39m[22m
Entrypoint [1mnull[39m[22m = [1m[32mnull.js[39m[22m
[0] [1m./a.js[39m[22m 26 bytes {[1m[33m0[39m[22m}[1m[32m [built][39m[22m
[1] [1m./index.js[39m[22m 26 bytes {[1m[33m1[39m[22m}[1m[32m [built][39m[22m"
`;
