// Jest Snapshot v1, https://goo.gl/fbAQLP

exports[`clean-webpack-options 1`] = `""`;

exports[`clean-webpack-options 2`] = `
"[1m[31mInvalid configuration object. Webpack has been initialised using a configuration object that does not match the API schema.
 - configuration.context should be a string.
   -> The base directory (absolute path!) for resolving the \`entry\` option. If \`output.pathinfo\` is set, the included pathinfo is shortened to this directory.[39m[22m
"
`;
