// Jest Snapshot v1, https://goo.gl/fbAQLP

exports[`node transforms correctly using "node-0" data 1`] = `
"module.exports = {
    entry: 'index.js',

    output: {
		filename: 'bundle.js'
	},

    node: {
        console: false,
        global: true,
        process: true,
        Buffer: true,
        __filename: mock,
        __dirname: mock,
        setImmediate: true
    }
}
"
`;
