// Jest Snapshot v1, https://goo.gl/fbAQLP

exports[`optimization transforms correctly using "optimization-0" data 1`] = `
"module.exports = {
    entry: 'index.js',

    output: {
		filename: 'bundle.js'
	},

    optimization: {
        splitChunks: {
            minSize: 1,
            chunks: 'all'
        }
    }
}
"
`;
